Key {
d: 0xc9dcda39c4d7ab9d854484dbed2963da9c0cf3c6e9333528b4422ef00dd0b28e
Q: 0x040E411E56210F20BF5172CBEFAB02135421B1EB58F6918D28C1B848BE5EEE42E436535B1C0E48C9F404F2408CABC736F67638267F532BD5085FA10640FBB6A75D
}
